// Jest Snapshot v1, https://goo.gl/fbAQLP

exports[`UserList Matches the snapshot 1`] = `
<DocumentFragment>
  <div
    class="userListContainer"
    data-testid="userListContainer"
  />
</DocumentFragment>
`;
